[almuzakki-or-id.translate.goog/index1901.html]
[backblue.gif]
[fade.gif]
[index.html]
[maxcdn.bootstrapcdn.com/bootstrap/4.1.3/css/bootstrap.min.css]
[cdn.datatables.net/1.11.3/css/jquery.dataTables.min.css]
[almuzakki.or.id/css/style.css]
[almuzakki.or.id/css/lightslider.css]
[almuzakki.or.id/css/sweetalert2.css]
[almuzakki.or.id/image/al-muzakki.png]
[almuzakki-or-id.translate.goog/index1901-2.html]
[almuzakki-or-id.translate.goog/galerialmuzakki1901.html]
[almuzakki-or-id.translate.goog/blog1901.html]
[almuzakki-or-id.translate.goog/tentangkami1901.html]
[almuzakki-or-id.translate.goog/donasi1901.html]
[almuzakki.or.id/image/bg-part1.png]
[almuzakki.or.id/image/bg-part3.png]
[almuzakki.or.id/image/galeri4.jpg]
[almuzakki.or.id/image/galeri2.jpg]
[almuzakki.or.id/image/galeri3.jpg]
[almuzakki.or.id/image/galeri1.jpg]
[almuzakki.or.id/image/galeri7.jpg]
[almuzakki.or.id/image/galeri5.jpg]
[almuzakki.or.id/image/galeri6.jpg]
[almuzakki-or-id.translate.goog/blogfulldef7.html]
[almuzakki.or.id/image/galeriyayasan/Ziarah Mantingan_1687786653.jpg]
[almuzakki-or-id.translate.goog/blogfull2685.html]
[almuzakki.or.id/image/galeriyayasan/Rotib Kubro Bib Luthfi Bin Yahya_1685711057.jpg]
[almuzakki-or-id.translate.goog/blogfulld76b.html]
[almuzakki.or.id/image/galeriyayasan/BEM FTIK UNISNU Jepara Yayasan Panti Asuhan Al Muzakki_1684505460.jpg]
[almuzakki.or.id/image/all-muzakki.png]
[almuzakki-or-id.translate.goog/legalitas1901.html]
[almuzakki-or-id.translate.goog/laporandonasi1901.html]
[almuzakki-or-id.translate.goog/anakasuh1901.html]
[almuzakki-or-id.translate.goog/konfirmasi1901.html]
[almuzakki-or-id.translate.goog/proposal1901.html]
[ajax.googleapis.com/ajax/libs/jquery/3.3.1/jquery.min.js]
[cdn.datatables.net/1.11.3/js/jquery.dataTables.min.js]
[almuzakki.or.id/js/customjslider.js]
[almuzakki.or.id/js/tentangjs.js]
[almuzakki.or.id/js/galeri.js]
[cdnjs.cloudflare.com/ajax/libs/popper.js/1.14.3/umd/popper.min.js]
[maxcdn.bootstrapcdn.com/bootstrap/4.1.3/js/bootstrap.min.js]
[almuzakki.or.id/js/customjs.js]
[almuzakki.or.id/js/sweetalert2.all.min.js]
[translate.google.com/translate_a/elementda8f.js]
[almuzakki-or-id.translate.goog/index1901.html]
[maxcdn.bootstrapcdn.com/bootstrap/4.1.3/css/bootstrap.min.css]
[www.datatables.net/examples/resources/details_open.png]
[www.datatables.net/examples/resources/details_close.png]
[cdn.datatables.net/1.11.3/images/sort_both.png]
[cdn.datatables.net/1.11.3/images/sort_asc.png]
[cdn.datatables.net/1.11.3/images/sort_desc.png]
[cdn.datatables.net/1.11.3/images/sort_asc_disabled.png]
[cdn.datatables.net/1.11.3/images/sort_desc_disabled.png]
[cdn.datatables.net/1.11.3/css/jquery.dataTables.min.css]
[almuzakki.or.id/image/bg-donasi-al-muzakki.jpg]
[almuzakki.or.id/css/style.css]
[almuzakki.or.id/css/lightslider.css]
[almuzakki.or.id/css/sweetalert2.css]
[almuzakki-or-id.translate.goog/index1901-2.html]
[almuzakki-or-id.translate.goog/galerialmuzakki1901.html]
[almuzakki-or-id.translate.goog/blogfull1561.html]
[almuzakki.or.id/image/galeriyayasan/Santunan UT_1681785883.jpg]
[almuzakki-or-id.translate.goog/blogfull372b.html]
[almuzakki.or.id/image/galeriyayasan/Buber Puskesmas DOnorojo Keling_1681776938.jpg]
[almuzakki-or-id.translate.goog/blogfull926e.html]
[almuzakki.or.id/image/galeriyayasan/Tadarus santri yatim al muzakki jepara_1681530061.jpg]
[almuzakki-or-id.translate.goog/blogfull7691.html]
[almuzakki.or.id/image/galeriyayasan/Rapat Februari_1677395713.jpg]
[almuzakki-or-id.translate.goog/blogfull2b81.html]
[almuzakki.or.id/image/galeriyayasan/Santunan Yatim_1674203583.jpg]
[almuzakki-or-id.translate.goog/blogfull2967.html]
[almuzakki.or.id/image/galeriyayasan/DSCF9779_1674200605.jpg]
[almuzakki-or-id.translate.goog/blogfull4496.html]
[almuzakki.or.id/image/galeriyayasan/kembang api tahun baru 2023_1672027076.jpg]
[almuzakki-or-id.translate.goog/blogfulldb62.html]
[almuzakki.or.id/image/galeriyayasan/Hari Ibu_1672024643.jpg]
[almuzakki-or-id.translate.goog/blogfull648a.html]
[almuzakki.or.id/image/galeriyayasan/Paduan Suara Jambore_1670419334.jpg]
[almuzakki-or-id.translate.goog/blogfull4329.html]
[almuzakki.or.id/image/galeriyayasan/JAMBORE LKSA_1670418881.jpg]
[almuzakki-or-id.translate.goog/blogfull9636.html]
[almuzakki.or.id/image/galeriyayasan/JAMBORE LKSA JATENG 2022_1669294155.jpg]
[almuzakki-or-id.translate.goog/blogfull5b0e.html]
[almuzakki.or.id/image/galeriyayasan/Yayasan Al Muzakki_1661653661.jpg]
[almuzakki-or-id.translate.goog/blogfulleb85.html]
[almuzakki.or.id/image/galeriyayasan/Santunan Yatim PO Haryanto Kudus_1661651591.jpg]
[almuzakki-or-id.translate.goog/blogfull2cf7.html]
[almuzakki.or.id/image/galeriyayasan/1 Muharram 1444_1659096340.jpg]
[almuzakki-or-id.translate.goog/blogfull0921.html]
[almuzakki.or.id/image/galeriyayasan/Penyembelihan Hewan Qurban_1657026970.jpg]
[almuzakki-or-id.translate.goog/blogfull1465.html]
[almuzakki.or.id/image/galeriyayasan/Flayer Qurban_1656594456.jpg]
[almuzakki-or-id.translate.goog/blogfull3e42.html]
[almuzakki.or.id/image/galeriyayasan/Jerih Payah Uang_1655896983.jpg]
[almuzakki-or-id.translate.goog/blogfull2adc.html]
[almuzakki.or.id/image/galeriyayasan/Rapat Yayasan AL MUZAKKI_1655893649.jpg]
[almuzakki-or-id.translate.goog/blogfullc9b6.html]
[almuzakki.or.id/image/galeriyayasan/Bersaing dalam kebaikan_1649773604.jpg]
[almuzakki-or-id.translate.goog/blogfull5caf.html]
[almuzakki.or.id/image/galeriyayasan/Laporan Yayasan Al Muzakki_1649342841.jpg]
[almuzakki-or-id.translate.goog/blogfull7e32.html]
[almuzakki.or.id/image/galeriyayasan/Donasi_1646748761.jpg]
[almuzakki-or-id.translate.goog/blogfulla291.html]
[almuzakki.or.id/image/galeriyayasan/Isra Mi`raj 2022_1645711260.jpg]
[almuzakki-or-id.translate.goog/blogfull8bee.html]
[almuzakki.or.id/image/galeriyayasan/Harta Titipan_1644244093.jpg]
[almuzakki-or-id.translate.goog/blogfull3221.html]
[almuzakki.or.id/image/galeriyayasan/Harta Bitcoin_1642774473.jpg]
[almuzakki-or-id.translate.goog/blogfull2f9e.html]
[almuzakki.or.id/image/galeriyayasan/Crypto_1642773424.jpg]
[almuzakki-or-id.translate.goog/blogfull55c5.html]
[almuzakki.or.id/image/galeriyayasan/Kunjungan Dewan_1642172751.jpg]
[almuzakki-or-id.translate.goog/blogfulld32d.html]
[almuzakki.or.id/image/galeriyayasan/X-Moc_1639300045.jpg]
[almuzakki-or-id.translate.goog/blogfull165e.html]
[almuzakki.or.id/image/galeriyayasan/2021-11-10 Rapat Rutin November 2021_1636976226.jpg]
[almuzakki-or-id.translate.goog/blogfulla56d.html]
[almuzakki.or.id/image/galeriyayasan/2021-11-09 Santunan Yatim_1636975754.jpg]
[almuzakki-or-id.translate.goog/blogfull010c.html]
[almuzakki.or.id/image/galeriyayasan/Mercedes Benz SL club BLS AL Muzakki_1635606058.jpg]
[almuzakki-or-id.translate.goog/blogfull6ffd.html]
[almuzakki.or.id/image/galeriyayasan/2021-10-24 Baksos ANE_ID Jateng DIY_1635335047.jpg]
[almuzakki-or-id.translate.goog/blogfull3b10.html]
[almuzakki.or.id/image/galeriyayasan/2021-10-21 Baksos Kepala Rutan Lapas Jepara_1635334137.jpg]
[almuzakki-or-id.translate.goog/blogfull3d77.html]
[almuzakki.or.id/image/galeriyayasan/Maulid Nabi Muhammad 2021 almuzakki_1633528696.jpg]
[almuzakki-or-id.translate.goog/blogfullf3a7.html]
[almuzakki.or.id/image/galeriyayasan/Istighosah_1632924117.jpg]
[almuzakki-or-id.translate.goog/blogfull1ed1.html]
[almuzakki.or.id/image/galeriyayasan/Harlah ke XVI_1629637569.jpg]
[almuzakki-or-id.translate.goog/blogfulle2b1.html]
[almuzakki.or.id/image/galeriyayasan/Lentera_1629110633.jpg]
[almuzakki-or-id.translate.goog/blogfull6f97.html]
[almuzakki.or.id/image/galeriyayasan/Penyembelihan Hewan Kurban_1627396116.jpg]
[almuzakki-or-id.translate.goog/blogfullf8fc.html]
[almuzakki.or.id/image/galeriyayasan/Menyembelih hewan kurban_1625484884.png]
[almuzakki-or-id.translate.goog/blogfull230d.html]
[almuzakki.or.id/image/galeriyayasan/Menyantuni Yatim_1624280435.jpg]
[almuzakki-or-id.translate.goog/blogfull2c56.html]
[almuzakki.or.id/image/galeriyayasan/2021-06-10 Rapat Juni_1623467099.jpg]
[almuzakki-or-id.translate.goog/blogfullbca1.html]
[almuzakki.or.id/image/galeriyayasan/Ikatan Bidan Indonesia_1620532522.jpg]
[almuzakki-or-id.translate.goog/blogfull2d6f.html]
[almuzakki.or.id/image/galeriyayasan/Baksos Bank Jateng_1620532107.jpg]
[almuzakki-or-id.translate.goog/blogfull8497.html]
[almuzakki.or.id/image/galeriyayasan/Santunan yatim dibulan ramadhan_1620531573.jpg]
[almuzakki-or-id.translate.goog/blogfull8596.html]
[almuzakki.or.id/image/galeriyayasan/Tadarus Al Quran_1619840703.jpg]
[almuzakki-or-id.translate.goog/blogfullc129.html]
[almuzakki.or.id/image/galeriyayasan/Buka bersama_1619597985.jpg]
[almuzakki-or-id.translate.goog/blogfull2b4b.html]
[almuzakki.or.id/image/galeriyayasan/Manfaat Buka Bersama_1619596391.jpg]
[almuzakki-or-id.translate.goog/blogfull1857.html]
[almuzakki.or.id/image/galeriyayasan/Sembako untuk sedekah_1619080978.jpg]
[almuzakki-or-id.translate.goog/blogfull6f73.html]
[almuzakki.or.id/image/galeriyayasan/Bigrond Ramadhan_1619080323.jpg]
[almuzakki-or-id.translate.goog/blogfull718a.html]
[almuzakki.or.id/image/galeriyayasan/2021-04-12 Santunan April_1619079468.jpg]
[almuzakki-or-id.translate.goog/blogfulleb30.html]
[almuzakki.or.id/image/galeriyayasan/2021-04-10 Rapat April_1619079096.jpg]
[almuzakki-or-id.translate.goog/blogfulle32b.html]
[almuzakki.or.id/image/galeriyayasan/Laporan Keuangan_1617721179.jpg]
[almuzakki-or-id.translate.goog/blogfulld1a7.html]
[almuzakki.or.id/image/galeriyayasan/2021-04-04 JGC_1617719982.jpg]
[almuzakki-or-id.translate.goog/blogfull9be7.html]
[almuzakki.or.id/image/galeriyayasan/2021-03-12 Santunan Maret_1615699935.jpg]
[almuzakki-or-id.translate.goog/blogfulldab8.html]
[almuzakki.or.id/image/galeriyayasan/2021-03-10 Rapat Maret_1615699834.jpg]
[almuzakki-or-id.translate.goog/blogfull3d16.html]
[almuzakki.or.id/image/galeriyayasan/2021-03-10 Isra` Mi`raj_1615392086.jpg]
[almuzakki-or-id.translate.goog/blogfull1d24.html]
[almuzakki.or.id/image/galeriyayasan/2021-03-06 Doa makan bersama_1615031264.jpg]
[almuzakki-or-id.translate.goog/blogfull08fe.html]
[almuzakki.or.id/image/galeriyayasan/2021-03-03 Temu Wali_1614858377.jpg]
[almuzakki-or-id.translate.goog/blogfullea6c.html]
[almuzakki.or.id/image/galeriyayasan/2021-02-12 Santunan Februari_1613571663.jpg]
[almuzakki-or-id.translate.goog/blogfull2492.html]
[almuzakki.or.id/image/galeriyayasan/2021-02-10 Rapat Februari_1613569792.jpg]
[almuzakki-or-id.translate.goog/blogfull3568.html]
[almuzakki.or.id/image/galeriyayasan/2021-02-04 Mushaf_1612443033.jpg]
[almuzakki-or-id.translate.goog/blogfull4b55.html]
[almuzakki.or.id/image/galeriyayasan/2021-01-28 Giat Mengaji para Santri_1611845118.jpg]
[almuzakki-or-id.translate.goog/blogfullaf3a.html]
[almuzakki.or.id/image/galeriyayasan/2021-01-15 Santunan Januari 2021_1611843562.jpg]
[almuzakki-or-id.translate.goog/blogfull309f.html]
[almuzakki.or.id/image/galeriyayasan/2021-01-15 Rapat Januari_1611843318.jpg]
[almuzakki-or-id.translate.goog/blogfull3adf.html]
[almuzakki.or.id/image/galeriyayasan/Keutamaan anak yatim_1606828766.jpg]
[almuzakki-or-id.translate.goog/blogfull442e.html]
[almuzakki.or.id/image/galeriyayasan/maulid 2020_1604242971.jpg]
[almuzakki-or-id.translate.goog/blogfull0d6a.html]
[almuzakki.or.id/image/galeriyayasan/Akreditasi_1604239852.jpg]
[almuzakki-or-id.translate.goog/blogfullac19.html]
[almuzakki.or.id/image/galeriyayasan/Sunatan_1602847359.jpg]
[almuzakki-or-id.translate.goog/blogfull753e.html]
[almuzakki.or.id/image/galeriyayasan/Hidroponik_1600864896.jpg]
[almuzakki-or-id.translate.goog/blogfulle709.html]
[almuzakki.or.id/image/galeriyayasan/Pembinaan Panti Asuhan_1599221923.jpg]
[almuzakki-or-id.translate.goog/blogfull9677.html]
[almuzakki.or.id/image/galeriyayasan/Buka Puasa Muharram_1599221856.jpg]
[almuzakki-or-id.translate.goog/blogfull340d.html]
[almuzakki.or.id/image/galeriyayasan/118297065_651842822205678_225551933269557476_o_1598023795.jpg]
[almuzakki-or-id.translate.goog/blogfull33c6.html]
[almuzakki.or.id/image/galeriyayasan/Lomba Agustusan_1598023042.jpg]
[almuzakki-or-id.translate.goog/blogfulle4dd.html]
[almuzakki.or.id/image/galeriyayasan/Qurban 1441 H_1596807221.jpg]
[almuzakki-or-id.translate.goog/blogfullfb14.html]
[almuzakki.or.id/image/galeriyayasan/Selamat Hari raya idul Adha 1441 H_1596806822.jpg]
[almuzakki-or-id.translate.goog/blogfullfdee.html]
[almuzakki.or.id/image/galeriyayasan/Puasa Tarwiyah_1596028150.jpg]
[almuzakki-or-id.translate.goog/blogfull6ca6.html]
[almuzakki.or.id/image/galeriyayasan/Pembinaan Kesehatan_1596027663.jpg]
[almuzakki-or-id.translate.goog/blogfull689a.html]
[almuzakki.or.id/image/galeriyayasan/Bantuan Covid19_1593783309.jpg]
[almuzakki-or-id.translate.goog/blogfull7569.html]
[almuzakki.or.id/image/galeriyayasan/Covid19_1591712363.jpg]
[almuzakki-or-id.translate.goog/blogfull6f4a.html]
[almuzakki.or.id/image/galeriyayasan/Bakti Sosial Polres Jepara_1589549958.jpg]
[almuzakki-or-id.translate.goog/blogfull2bfc.html]
[almuzakki.or.id/image/galeriyayasan/Al Quran_1586611942.jpg]
[almuzakki-or-id.translate.goog/blogfull4846.html]
[almuzakki.or.id/image/galeriyayasan/Berdoa sama_1586437767.jpg]
[almuzakki-or-id.translate.goog/blogfull6a70.html]
[almuzakki.or.id/image/galeriyayasan/Corona_1586054681.jpg]
[almuzakki-or-id.translate.goog/blogfull3157.html]
[almuzakki.or.id/image/galeriyayasan/Rapat Tokoh_1585573767.jpg]
[almuzakki-or-id.translate.goog/blogfulle049.html]
[almuzakki.or.id/image/galeriyayasan/Hikmah Kematian_1580733499.jpg]
[almuzakki-or-id.translate.goog/blogfull319f.html]
[almuzakki.or.id/image/galeriyayasan/KEMATIAN_1580731045.jpg]
[almuzakki-or-id.translate.goog/blogfull145b.html]
[almuzakki.or.id/image/galeriyayasan/Anak Yatim Piatu_1576497662.jpg]
[almuzakki-or-id.translate.goog/blogfull17c6.html]
[almuzakki.or.id/image/galeriyayasan/Bank BNI Al Muzakki (8)_1574497235.jpg]
[almuzakki-or-id.translate.goog/blogfullce16.html]
[almuzakki.or.id/image/galeriyayasan/Hari Anak Al muzakki_1574255789.jpg]
[almuzakki-or-id.translate.goog/blogfull0980.html]
[almuzakki.or.id/image/galeriyayasan/Maulid Nabi www.almuzakki.or.id_1572276137.jpg]
[almuzakki-or-id.translate.goog/blogfull001d.html]
[almuzakki.or.id/image/galeriyayasan/Panti Asuhan Al Muzakki (1)_1572275181.jpg]
[almuzakki-or-id.translate.goog/blogfull499f.html]
[almuzakki.or.id/image/galeriyayasan/Hari Santri Almuzakki_1571720463.jpg]
[almuzakki-or-id.translate.goog/blogfull7f45.html]
[almuzakki.or.id/image/galeriyayasan/Sedekah Al muzakki_1571289016.jpg]
[almuzakki-or-id.translate.goog/blogfull1935.html]
[almuzakki.or.id/image/galeriyayasan/Rahasia Sedekah Al Muzakki_1571287444.jpg]
[almuzakki-or-id.translate.goog/blogfull03ef.html]
[almuzakki.or.id/image/galeriyayasan/Bulan-Safar-almuzakki_1570443417.jpg]
[almuzakki-or-id.translate.goog/blogfull3923.html]
[almuzakki.or.id/image/galeriyayasan/anak yatim_1569836488.jpg]
[almuzakki-or-id.translate.goog/blogfull655b.html]
[almuzakki.or.id/image/galeriyayasan/DSCF7432_1569836013.jpg]
[almuzakki-or-id.translate.goog/blogfulla5f3.html]
[almuzakki.or.id/image/galeriyayasan/Yayasan Al Muzakki_1568961772.jpg]
[almuzakki-or-id.translate.goog/blogfullc3e4.html]
[almuzakki.or.id/image/galeriyayasan/yayasan al muzakki_1568215050.jpg]
[almuzakki-or-id.translate.goog/blogfullc1f2.html]
[almuzakki.or.id/image/galeriyayasan/Makam Mutamakkin Kajen_1567868994.jpg]
[almuzakki-or-id.translate.goog/blogfulld343.html]
[almuzakki.or.id/image/galeriyayasan/yatim piatu_1564392566.jpg]
[almuzakki-or-id.translate.goog/blogfull19ba.html]
[almuzakki.or.id/image/galeriyayasan/Al Muzakki_1563634516.jpg]
[almuzakki-or-id.translate.goog/blogfull021d.html]
[almuzakki.or.id/image/galeriyayasan/Jambore Al Muzakki_1563630788.jpg]
[almuzakki-or-id.translate.goog/blogfull14ce.html]
[almuzakki.or.id/image/galeriyayasan/macam-zakat-190x122.jpg]
[almuzakki-or-id.translate.goog/blogfulld9e4.html]
[almuzakki.or.id/image/galeriyayasan/hikmah puasa ramadhan.jpg]
[almuzakki-or-id.translate.goog/blogfull0f74.html]
[almuzakki.or.id/image/galeriyayasan/almuzakki bersholawat.jpg]
[almuzakki-or-id.translate.goog/blogfull0616.html]
[almuzakki.or.id/image/galeriyayasan/Group3.png]
[almuzakki-or-id.translate.goog/blogfull8f6a.html]
[almuzakki.or.id/image/galeriyayasan/Group2.png]
[almuzakki-or-id.translate.goog/blogfull815e.html]
[almuzakki.or.id/image/galeriyayasan/kunjungan paud al ashr.jpg]
[almuzakki-or-id.translate.goog/blogfull1c0f.html]
[almuzakki.or.id/image/galeriyayasan/harlah yayasan yatim piatu al muzakki yang ke XII.jpg]
[almuzakki-or-id.translate.goog/blogfull47c6.html]
[almuzakki.or.id/image/galeriyayasan/Anak-Anak Al Muzakki Dolan Bareng Novi Kdi & Sandi Tumiwa Di Jepara Orland Park (JOP).jpg]
[almuzakki-or-id.translate.goog/blogfull6a13.html]
[almuzakki.or.id/image/galeriyayasan/Rakorcab2017.jpg]
[almuzakki-or-id.translate.goog/blogfull8f6f.html]
[almuzakki.or.id/image/galeriyayasan/Pawai Takbir Keliling Hari Raya Idul Fitri 1438 H.jpg]
[almuzakki-or-id.translate.goog/blog1901.html]
[almuzakki.or.id/image/logo.png]
[almuzakki-or-id.translate.goog/mukhadimah1901.html]
[almuzakki-or-id.translate.goog/tentangkami1901.html]
[almuzakki-or-id.translate.goog/doadonatur1901.html]
[almuzakki.or.id/image/bank-qrcode.png]
[almuzakki-or-id.translate.goog/donasi1901.html]
[almuzakki-or-id.translate.goog/blogfull1901.html]
[almuzakki.or.id/image/waico.png]
[almuzakki-or-id.translate.goog/blogfulldef7.html]
[almuzakki-or-id.translate.goog/blogfull2685.html]
[almuzakki-or-id.translate.goog/blogfulld76b.html]
[almuzakki.or.id/image/legalitas/logo-kemenkumham.jpg]
[almuzakki.or.id/image/legalitas/logo-kementerian-agama.jpg]
[almuzakki-or-id.translate.goog/image/legalitas/piagam-penyelenggaraan-yayasan-almuzzaki1901.jpg]
[almuzakki.or.id/image/legalitas/dinas-sosial-jawa-tengah.jpg]
[almuzakki-or-id.translate.goog/image/legalitas/surat-izin-dinsos-yayasan-almuzzaki1901.jpg]
[almuzakki.or.id/image/legalitas/logo-npwp.jpg]
[almuzakki-or-id.translate.goog/image/legalitas/nomor-pajak-yayasan-almuzzaki1901.jpg]
[almuzakki-or-id.translate.goog/image/legalitas/sip-yayasan-almzzaki1901.jpg]
[almuzakki.or.id/image/legalitas/kementrian-sosial.jpg]
[almuzakki-or-id.translate.goog/image/legalitas/sertifikat-akreditasi-yayasan-almuzakki1901.jpg]
[almuzakki-or-id.translate.goog/legalitas1901.html]
[almuzakki-or-id.translate.goog/laporandonasi1901.html]
[almuzakki-or-id.translate.goog/anakasuh1901.html]
[almuzakki.or.id/image/igico.png]
[almuzakki-or-id.translate.goog/konfirmasi1901.html]
[almuzakki.or.id/image/legalitas/logo-pdf.jpg]
[almuzakki-or-id.translate.goog/proposal1901.html]
[ww25.your-domain.com/js/parking.2.106.5.js]
[ww25.your-domain.com/path/image88c4.html]
[almuzakki-or-id.translate.goog/blogfull1561.html]
[almuzakki-or-id.translate.goog/blogfull372b.html]
[almuzakki-or-id.translate.goog/blogfull926e.html]
[almuzakki-or-id.translate.goog/blogfull7691.html]
[almuzakki-or-id.translate.goog/blogfull2b81.html]
[almuzakki-or-id.translate.goog/blogfull2967.html]
[almuzakki-or-id.translate.goog/blogfull4496.html]
[almuzakki-or-id.translate.goog/blogfulldb62.html]
[almuzakki-or-id.translate.goog/blogfull648a.html]
[almuzakki-or-id.translate.goog/blogfull4329.html]
[almuzakki-or-id.translate.goog/blogfull9636.html]
[almuzakki-or-id.translate.goog/blogfull5b0e.html]
[almuzakki-or-id.translate.goog/blogfulleb85.html]
[almuzakki-or-id.translate.goog/blogfull2cf7.html]
[almuzakki-or-id.translate.goog/blogfull0921.html]
[almuzakki-or-id.translate.goog/blogfull1465.html]
[almuzakki-or-id.translate.goog/blogfull3e42.html]
[almuzakki-or-id.translate.goog/blogfull2adc.html]
[almuzakki-or-id.translate.goog/blogfullc9b6.html]
[almuzakki-or-id.translate.goog/blogfull5caf.html]
[almuzakki-or-id.translate.goog/blogfull7e32.html]
[almuzakki-or-id.translate.goog/blogfulla291.html]
[almuzakki-or-id.translate.goog/blogfull8bee.html]
[almuzakki-or-id.translate.goog/blogfull3221.html]
[almuzakki-or-id.translate.goog/blogfull2f9e.html]
[almuzakki-or-id.translate.goog/blogfull55c5.html]
[almuzakki-or-id.translate.goog/blogfulld32d.html]
[almuzakki-or-id.translate.goog/blogfull165e.html]
[almuzakki-or-id.translate.goog/blogfulla56d.html]
[almuzakki-or-id.translate.goog/blogfull010c.html]
[almuzakki-or-id.translate.goog/blogfull6ffd.html]
[almuzakki-or-id.translate.goog/blogfull3b10.html]
[almuzakki-or-id.translate.goog/blogfull3d77.html]
[almuzakki-or-id.translate.goog/blogfullf3a7.html]
[almuzakki-or-id.translate.goog/blogfull1ed1.html]
[almuzakki-or-id.translate.goog/blogfulle2b1.html]
[almuzakki-or-id.translate.goog/blogfull6f97.html]
[almuzakki-or-id.translate.goog/blogfullf8fc.html]
[almuzakki-or-id.translate.goog/blogfull230d.html]
[almuzakki-or-id.translate.goog/blogfull2c56.html]
[almuzakki-or-id.translate.goog/blogfullbca1.html]
[almuzakki-or-id.translate.goog/blogfull2d6f.html]
[almuzakki-or-id.translate.goog/blogfull8497.html]
[almuzakki-or-id.translate.goog/blogfull8596.html]
[almuzakki-or-id.translate.goog/blogfullc129.html]
[almuzakki-or-id.translate.goog/blogfull2b4b.html]
[almuzakki-or-id.translate.goog/blogfull1857.html]
[almuzakki-or-id.translate.goog/blogfull6f73.html]
[almuzakki-or-id.translate.goog/blogfull718a.html]
[almuzakki-or-id.translate.goog/blogfulleb30.html]
[almuzakki-or-id.translate.goog/blogfulle32b.html]
[almuzakki-or-id.translate.goog/blogfulld1a7.html]
[almuzakki-or-id.translate.goog/blogfull9be7.html]
[almuzakki-or-id.translate.goog/blogfulldab8.html]
[almuzakki-or-id.translate.goog/blogfull3d16.html]
[almuzakki-or-id.translate.goog/blogfull1d24.html]
[almuzakki-or-id.translate.goog/blogfull08fe.html]
[almuzakki-or-id.translate.goog/blogfullea6c.html]
[almuzakki-or-id.translate.goog/blogfull2492.html]
[almuzakki-or-id.translate.goog/blogfull3568.html]
[almuzakki-or-id.translate.goog/blogfull4b55.html]
[almuzakki-or-id.translate.goog/blogfullaf3a.html]
[almuzakki-or-id.translate.goog/blogfull309f.html]
[almuzakki-or-id.translate.goog/blogfull3adf.html]
[almuzakki.or.id/blogfull0721.html]
[almuzakki.or.id/blogfulld6b8.html]
[almuzakki.or.id/blogfull6fb3.html]
[almuzakki.or.id/blogfull33e7.html]
[almuzakki.or.id/blogfulla24e.html]
[almuzakki.or.id/blogfullcd86.html]
[almuzakki.or.id/blogfullb9e1.html]
[almuzakki.or.id/blogfulle25d.html]
[almuzakki.or.id/blogfullcc7a.html]
[almuzakki.or.id/blogfull715a.html]
[almuzakki.or.id/blogfull977a.html]
[almuzakki.or.id/blogfull8044.html]
[almuzakki.or.id/blogfullbf0e.html]
[almuzakki.or.id/blogfulle0c8.html]
[almuzakki-or-id.translate.goog/blogfull442e.html]
[almuzakki-or-id.translate.goog/blogfull0d6a.html]
[almuzakki.or.id/blogfull0a79.html]
[almuzakki-or-id.translate.goog/blogfullac19.html]
[almuzakki-or-id.translate.goog/blogfull753e.html]
[almuzakki-or-id.translate.goog/blogfulle709.html]
[almuzakki-or-id.translate.goog/blogfull9677.html]
[almuzakki-or-id.translate.goog/blogfull340d.html]
[almuzakki-or-id.translate.goog/blogfull33c6.html]
[almuzakki-or-id.translate.goog/blogfulle4dd.html]
[almuzakki-or-id.translate.goog/blogfullfb14.html]
[almuzakki-or-id.translate.goog/blogfullfdee.html]
[almuzakki-or-id.translate.goog/blogfull6ca6.html]
[almuzakki-or-id.translate.goog/blogfull689a.html]
[almuzakki-or-id.translate.goog/blogfull7569.html]
[almuzakki-or-id.translate.goog/blogfull6f4a.html]
[almuzakki-or-id.translate.goog/blogfull2bfc.html]
[almuzakki-or-id.translate.goog/blogfull4846.html]
[almuzakki-or-id.translate.goog/blogfull6a70.html]
[almuzakki-or-id.translate.goog/blogfull3157.html]
[almuzakki-or-id.translate.goog/blogfulle049.html]
[almuzakki-or-id.translate.goog/blogfull319f.html]
[almuzakki-or-id.translate.goog/blogfull145b.html]
[almuzakki-or-id.translate.goog/blogfull17c6.html]
[almuzakki-or-id.translate.goog/blogfullce16.html]
[almuzakki-or-id.translate.goog/blogfull0980.html]
[almuzakki-or-id.translate.goog/blogfull001d.html]
[almuzakki-or-id.translate.goog/blogfull499f.html]
[almuzakki-or-id.translate.goog/blogfull7f45.html]
[almuzakki-or-id.translate.goog/blogfull1935.html]
[almuzakki-or-id.translate.goog/blogfull03ef.html]
[almuzakki-or-id.translate.goog/blogfull3923.html]
[almuzakki-or-id.translate.goog/blogfull655b.html]
[almuzakki-or-id.translate.goog/blogfulla5f3.html]
[almuzakki-or-id.translate.goog/blogfullc3e4.html]
[almuzakki-or-id.translate.goog/blogfullc1f2.html]
[almuzakki-or-id.translate.goog/blogfulld343.html]
[almuzakki-or-id.translate.goog/blogfull19ba.html]
[almuzakki-or-id.translate.goog/blogfull021d.html]
[almuzakki-or-id.translate.goog/blogfull14ce.html]
[almuzakki-or-id.translate.goog/blogfulld9e4.html]
[almuzakki-or-id.translate.goog/blogfull0f74.html]
[almuzakki-or-id.translate.goog/blogfull0616.html]
[almuzakki-or-id.translate.goog/blogfull8f6a.html]
[almuzakki-or-id.translate.goog/blogfull815e.html]
[almuzakki-or-id.translate.goog/blogfull1c0f.html]
[almuzakki-or-id.translate.goog/blogfull47c6.html]
[almuzakki-or-id.translate.goog/blogfull6a13.html]
[almuzakki-or-id.translate.goog/blogfull8f6f.html]
[almuzakki-or-id.translate.goog/mukhadimah1901.html]
[almuzakki.or.id/image/bismillah.png]
[almuzakki-or-id.translate.goog/doadonatur1901.html]
[almuzakki-or-id.translate.goog/blogfull1901.html]
[almuzakki.or.id/image/arrow.svg]
[almuzakki.or.id/tentangkami.html]
[almuzakki.or.id/legalitas.html]
[almuzakki.or.id/laporandonasi.html]
[almuzakki.or.id/blog.html]
[almuzakki.or.id/anakasuh.html]
[almuzakki.or.id/image/youtube.svg]
[almuzakki.or.id/image/facebook.svg]
[almuzakki.or.id/image/instagram.svg]
[almuzakki.or.id/image/kitabisa.svg]
[almuzakki.or.id/donasi.html]
[almuzakki.or.id/konfirmasi.html]
[almuzakki.or.id/blogfull0721.html]
[almuzakki.or.id/blogfulld6b8.html]
[almuzakki.or.id/blogfull6fb3.html]
[almuzakki.or.id/blogfull33e7.html]
[almuzakki.or.id/blogfulla24e.html]
[almuzakki.or.id/blogfullcd86.html]
[almuzakki.or.id/blogfullb9e1.html]
[almuzakki.or.id/blogfulle25d.html]
[almuzakki.or.id/blogfullcc7a.html]
[almuzakki.or.id/blogfull715a.html]
[almuzakki.or.id/blogfull977a.html]
[almuzakki.or.id/blogfull8044.html]
[almuzakki.or.id/blogfullbf0e.html]
[almuzakki.or.id/blogfulle0c8.html]
[almuzakki.or.id/blogfull0a79.html]
[almuzakki.or.id/image/arrow.svg]
[almuzakki.or.id/proposal.html]
[almuzakki.or.id/image/almuzakki.ico]
[almuzakki.or.id/index.html]
[almuzakki.or.id/galerialmuzakki.html]
[almuzakki.or.id/mukhadimah.html]
[almuzakki.or.id/doadonatur.html]
[almuzakki.or.id/image/program-pendidikan.svg]
[almuzakki.or.id/image/program-pembangunan.svg]
[almuzakki.or.id/image/program-orang-tua-asuh.svg]
[almuzakki.or.id/image/program-kajian-dakwah.svg]
[almuzakki.or.id/tentangkami.html]
[almuzakki.or.id/image/legalitas/sk-kemenkunham-yayasan-almuzzaki.pdf]
[almuzakki.or.id/image/legalitas/piagam-penyelenggaraan-yayasan-almuzzaki.jpg]
[almuzakki.or.id/image/legalitas/surat-izin-dinsos-yayasan-almuzzaki.jpg]
[almuzakki.or.id/image/legalitas/nomor-pajak-yayasan-almuzzaki.jpg]
[almuzakki.or.id/image/legalitas/sip-yayasan-almzzaki.jpg]
[almuzakki.or.id/image/legalitas/sertifikat-akreditasi-yayasan-almuzakki.jpg]
[almuzakki.or.id/legalitas.html]
[almuzakki.or.id/blogfulla330.html]
[almuzakki.or.id/blogfull1348.html]
[almuzakki.or.id/blogfull53ad.html]
[almuzakki.or.id/blogfull51ea.html]
[almuzakki.or.id/blogfull003f.html]
[almuzakki.or.id/blogfullf52b.html]
[almuzakki.or.id/blogfull852e.html]
[almuzakki.or.id/blogfull6472.html]
[almuzakki.or.id/blogfull1ba4.html]
[almuzakki.or.id/blogfulla60c.html]
[almuzakki.or.id/blogfull699f.html]
[almuzakki.or.id/blogfull1667.html]
[almuzakki.or.id/blogfull8cff.html]
[almuzakki.or.id/blogfull46b3.html]
[almuzakki.or.id/blogfull7a0e.html]
[almuzakki.or.id/blogfull35ee.html]
[almuzakki.or.id/blogfulla4dc.html]
[almuzakki.or.id/blogfullc887.html]
[almuzakki.or.id/blogfull37df.html]
[almuzakki.or.id/blogfull89ec.html]
[almuzakki.or.id/blogfull9a5b.html]
[almuzakki.or.id/blogfull6461.html]
[almuzakki.or.id/blogfullc326.html]
[almuzakki.or.id/blogfull9018.html]
[almuzakki.or.id/blogfulld58d.html]
[almuzakki.or.id/blogfulld834.html]
[almuzakki.or.id/blogfull83cc.html]
[almuzakki.or.id/blogfull088a.html]
[almuzakki.or.id/blogfullc623.html]
[almuzakki.or.id/blogfull8db2.html]
[almuzakki.or.id/blogfull7103.html]
[almuzakki.or.id/blogfullc982.html]
[almuzakki.or.id/blogfullf6ef.html]
[almuzakki.or.id/blogfull0bc8.html]
[almuzakki.or.id/blogfullc75a.html]
[almuzakki.or.id/blogfull408e.html]
[almuzakki.or.id/blogfull87bb.html]
[almuzakki.or.id/blogfullc9d8.html]
[almuzakki.or.id/blogfull4d02.html]
[almuzakki.or.id/blogfull061c.html]
[almuzakki.or.id/blogfullecde.html]
[almuzakki.or.id/blogfull0482.html]
[almuzakki.or.id/blogfull1d3e.html]
[almuzakki.or.id/blogfull8295.html]
[almuzakki.or.id/blogfull6eba.html]
[almuzakki.or.id/blogfull9415.html]
[almuzakki.or.id/blogfulla4a0.html]
[almuzakki.or.id/blogfull689a.html]
[almuzakki.or.id/blogfullcd43.html]
[almuzakki.or.id/blogfull125d.html]
[almuzakki.or.id/blogfullcede.html]
[almuzakki.or.id/blogfullde2d.html]
[almuzakki.or.id/blogfulld2f2.html]
[almuzakki.or.id/blogfullb019.html]
[almuzakki.or.id/blogfull5279.html]
[almuzakki.or.id/blogfull6858.html]
[almuzakki.or.id/blogfull1985.html]
[almuzakki.or.id/blogfull7ece.html]
[almuzakki.or.id/blogfullda36.html]
[almuzakki.or.id/blogfull7ecb.html]
[almuzakki.or.id/blogfull5c60.html]
[almuzakki.or.id/blogfulla3da.html]
[almuzakki.or.id/blogfull0f45.html]
[almuzakki.or.id/blogfullf53e.html]
[almuzakki.or.id/blogfull1673.html]
[almuzakki.or.id/blogfull707d.html]
[almuzakki.or.id/blogfullb7b3.html]
[almuzakki.or.id/blogfull944c.html]
[almuzakki.or.id/blogfull9d18.html]
[almuzakki.or.id/blogfulld28c.html]
[almuzakki.or.id/blogfull6cfd.html]
[almuzakki.or.id/blogfullb516.html]
[almuzakki.or.id/blogfull9d86.html]
[almuzakki.or.id/blogfull5801.html]
[almuzakki.or.id/blogfullfda5.html]
[almuzakki.or.id/blogfulla5dc.html]
[almuzakki.or.id/blogfulle72e.html]
[almuzakki.or.id/blogfull6107.html]
[almuzakki.or.id/blogfull4708.html]
[almuzakki.or.id/blogfullbdca.html]
[almuzakki.or.id/blogfulle79e.html]
[almuzakki.or.id/blogfull516d.html]
[almuzakki.or.id/blogfull6baa.html]
[almuzakki.or.id/blogfull2edc.html]
[almuzakki.or.id/blogfullbf14.html]
[almuzakki.or.id/blogfull8342.html]
[almuzakki.or.id/blogfullbbad.html]
[almuzakki.or.id/blogfull6a50.html]
[almuzakki.or.id/blogfullb609.html]
[almuzakki.or.id/blogfull2763.html]
[almuzakki.or.id/blogfull1d16.html]
[almuzakki.or.id/blogfull7f7b.html]
[almuzakki.or.id/blogfull494b.html]
[almuzakki.or.id/blogfullee12.html]
[almuzakki.or.id/blogfull8271.html]
[almuzakki.or.id/blogfull1658.html]
[almuzakki.or.id/blogfulla32a.html]
[almuzakki.or.id/blogfull5b18.html]
[almuzakki.or.id/blogfull4768.html]
[almuzakki.or.id/blogfull36a0.html]
[almuzakki.or.id/blogfull2049.html]
[almuzakki.or.id/blogfulla351.html]
[almuzakki.or.id/blogfulle487.html]
[almuzakki.or.id/blogfull9da3.html]
[almuzakki.or.id/blogfull00b2.html]
[almuzakki.or.id/blogfull802e.html]
[almuzakki.or.id/blogfull4b5b.html]
[almuzakki.or.id/blogfull61b2.html]
[almuzakki.or.id/blogfull8b25.html]
[almuzakki.or.id/blogfull296c.html]
[almuzakki.or.id/blogfullb2e2.html]
[almuzakki.or.id/blogfull9c5c.html]
[almuzakki.or.id/blogfull46e1.html]
[almuzakki.or.id/blogfull7ce4.html]
[almuzakki.or.id/blogfull53f0.html]
[almuzakki.or.id/image/sad.svg]
[almuzakki.or.id/blog.html]
[almuzakki.or.id/laporandonasi.html]
[almuzakki.or.id/anakasuh.html]
[almuzakki.or.id/image/youtube.svg]
[almuzakki.or.id/image/facebook.svg]
[almuzakki.or.id/image/instagram.svg]
[almuzakki.or.id/image/kitabisa.svg]
[almuzakki.or.id/image/bank-mandiri.svg]
[almuzakki.or.id/image/bank-bri-logo.svg]
[almuzakki.or.id/image/bni-logo.svg]
[almuzakki.or.id/image/bca-logo.svg]
[almuzakki.or.id/image/bankjateng-logo.svg]
[almuzakki.or.id/donasi.html]
[almuzakki.or.id/image/fbico.svg]
[almuzakki.or.id/konfirmasi.html]
[almuzakki.or.id/pdf/PROPOSAL-PEMBANGUNAN-ALMUZZAKI1.pdf]
[almuzakki.or.id/proposal.html]
[almuzakki.or.id/image/ico-donasi-terkumpul.svg]
[almuzakki.or.id/image/ico-jumlah-relawan.svg]
[almuzakki.or.id/image/ico-jumlah-donatur.svg]
[almuzakki.or.id/index.html]
[almuzakki.or.id/galerialmuzakki.html]
[almuzakki.or.id/mukhadimah.html]
[almuzakki.or.id/doadonatur.html]
[almuzakki.or.id/image/program-pendidikan.svg]
[almuzakki.or.id/image/program-pembangunan.svg]
[almuzakki.or.id/image/program-orang-tua-asuh.svg]
[almuzakki.or.id/image/program-kajian-dakwah.svg]
[almuzakki.or.id/blogfulla330.html]
[almuzakki.or.id/blogfull1348.html]
[almuzakki.or.id/blogfull53ad.html]
[almuzakki.or.id/blogfull51ea.html]
[almuzakki.or.id/blogfull003f.html]
[almuzakki.or.id/blogfullf52b.html]
[almuzakki.or.id/image/ico-anak-asuh-yayasan.svg]
[almuzakki.or.id/blogfull852e.html]
[almuzakki.or.id/blogfull6472.html]
[almuzakki.or.id/blogfull1ba4.html]
[almuzakki.or.id/blogfulla60c.html]
[almuzakki.or.id/blogfull699f.html]
[almuzakki.or.id/blogfull1667.html]
[almuzakki.or.id/blogfull8cff.html]
[almuzakki.or.id/blogfull46b3.html]
[almuzakki.or.id/blogfull7a0e.html]
[almuzakki.or.id/blogfull35ee.html]
[almuzakki.or.id/blogfulla4dc.html]
[almuzakki.or.id/blogfullc887.html]
[almuzakki.or.id/blogfull37df.html]
[almuzakki.or.id/blogfull89ec.html]
[almuzakki.or.id/blogfull9a5b.html]
[almuzakki.or.id/blogfull6461.html]
[almuzakki.or.id/blogfullc326.html]
[almuzakki.or.id/blogfull9018.html]
[almuzakki.or.id/blogfulld58d.html]
[almuzakki.or.id/blogfulld834.html]
[almuzakki.or.id/blogfull83cc.html]
[almuzakki.or.id/blogfull088a.html]
[almuzakki.or.id/blogfullc623.html]
[almuzakki.or.id/blogfull8db2.html]
[almuzakki.or.id/blogfull7103.html]
[almuzakki.or.id/blogfullc982.html]
[almuzakki.or.id/blogfullf6ef.html]
[almuzakki.or.id/blogfull0bc8.html]
[almuzakki.or.id/blogfullc75a.html]
[almuzakki.or.id/blogfull408e.html]
[almuzakki.or.id/blogfull87bb.html]
[almuzakki.or.id/blogfullc9d8.html]
[almuzakki.or.id/blogfull4d02.html]
[almuzakki.or.id/blogfull061c.html]
[almuzakki.or.id/blogfullecde.html]
[almuzakki.or.id/blogfull0482.html]
[almuzakki.or.id/blogfull1d3e.html]
[almuzakki.or.id/blogfull8295.html]
[almuzakki.or.id/blogfull6eba.html]
[almuzakki.or.id/blogfull9415.html]
[almuzakki.or.id/blogfulla4a0.html]
[almuzakki.or.id/blogfull689a.html]
[almuzakki.or.id/blogfullcd43.html]
[almuzakki.or.id/blogfull125d.html]
[almuzakki.or.id/blogfullcede.html]
[almuzakki.or.id/blogfullde2d.html]
[almuzakki.or.id/blogfulld2f2.html]
[almuzakki.or.id/blogfullb019.html]
[almuzakki.or.id/blogfull5279.html]
[almuzakki.or.id/blogfull6858.html]
[almuzakki.or.id/blogfull1985.html]
[almuzakki.or.id/blogfull7ece.html]
[almuzakki.or.id/blogfullda36.html]
[almuzakki.or.id/blogfull7ecb.html]
[almuzakki.or.id/blogfull5c60.html]
[almuzakki.or.id/blogfulla3da.html]
[almuzakki.or.id/blogfull0f45.html]
[almuzakki.or.id/blogfullf53e.html]
[almuzakki.or.id/blogfull1673.html]
[almuzakki.or.id/blogfull707d.html]
[almuzakki.or.id/blogfullb7b3.html]
[almuzakki.or.id/blogfull944c.html]
[almuzakki.or.id/blogfull9d18.html]
[almuzakki.or.id/blogfulld28c.html]
[almuzakki.or.id/blogfull6cfd.html]
[almuzakki.or.id/blogfullb516.html]
[almuzakki.or.id/blogfull9d86.html]
[almuzakki.or.id/blogfull5801.html]
[almuzakki.or.id/blogfullfda5.html]
[almuzakki.or.id/blogfulla5dc.html]
[almuzakki.or.id/blogfulle72e.html]
[almuzakki.or.id/blogfull6107.html]
[almuzakki.or.id/blogfull4708.html]
[almuzakki.or.id/blogfullbdca.html]
[almuzakki.or.id/blogfulle79e.html]
[almuzakki.or.id/blogfull516d.html]
[almuzakki.or.id/blogfull6baa.html]
[almuzakki.or.id/blogfull2edc.html]
[almuzakki.or.id/blogfullbf14.html]
[almuzakki.or.id/blogfull8342.html]
[almuzakki.or.id/blogfullbbad.html]
[almuzakki.or.id/blogfull6a50.html]
[almuzakki.or.id/blogfullb609.html]
[almuzakki.or.id/blogfull2763.html]
[almuzakki.or.id/blogfull1d16.html]
[almuzakki.or.id/blogfull7f7b.html]
[almuzakki.or.id/blogfull494b.html]
[almuzakki.or.id/blogfullee12.html]
[almuzakki.or.id/blogfull8271.html]
[almuzakki.or.id/blogfull1658.html]
[almuzakki.or.id/blogfulla32a.html]
[almuzakki.or.id/blogfull5b18.html]
[almuzakki.or.id/blogfull4768.html]
[almuzakki.or.id/blogfull36a0.html]
[almuzakki.or.id/blogfull2049.html]
[almuzakki.or.id/blogfulla351.html]
[almuzakki.or.id/blogfulle487.html]
[almuzakki.or.id/blogfull9da3.html]
[almuzakki.or.id/blogfull00b2.html]
[almuzakki.or.id/blogfull802e.html]
[almuzakki.or.id/blogfull4b5b.html]
[almuzakki.or.id/blogfull61b2.html]
[almuzakki.or.id/blogfull8b25.html]
[almuzakki.or.id/blogfull296c.html]
[almuzakki.or.id/blogfullb2e2.html]
[almuzakki.or.id/blogfull9c5c.html]
[almuzakki.or.id/blogfull46e1.html]
[almuzakki.or.id/blogfull7ce4.html]
[almuzakki.or.id/blogfull53f0.html]
[almuzakki.or.id/image/sad.svg]
[almuzakki.or.id/image/bank-mandiri.svg]
[almuzakki.or.id/image/bank-bri-logo.svg]
[almuzakki.or.id/image/bni-logo.svg]
[almuzakki.or.id/image/bca-logo.svg]
[almuzakki.or.id/image/bankjateng-logo.svg]
[almuzakki.or.id/image/fbico.svg]
[almuzakki.or.id/image/ico-donasi-terkumpul.svg]
[almuzakki.or.id/image/ico-jumlah-relawan.svg]
[almuzakki.or.id/image/ico-jumlah-donatur.svg]
[almuzakki.or.id/image/ico-anak-asuh-yayasan.svg]
